{
    "registration - convert - fsants": {
        "content": [
            {
                "0": [
                    [
                        {
                            "id": "test"
                        },
                        "test__init_warp.txt:md5,5f989a979be61faa578ad619377a8a07"
                    ]
                ],
                "1": [
                    [
                        {
                            "id": "test"
                        },
                        "test__deform_warp.nii.gz:md5,69052e6226da946bad1f9466285cbb89"
                    ]
                ],
                "2": [
                    "versions.yml:md5,9912ec095965c1ff571f77b447c18f92"
                ],
                "deform_transform": [
                    [
                        {
                            "id": "test"
                        },
                        "test__deform_warp.nii.gz:md5,69052e6226da946bad1f9466285cbb89"
                    ]
                ],
                "init_transform": [
                    [
                        {
                            "id": "test"
                        },
                        "test__init_warp.txt:md5,5f989a979be61faa578ad619377a8a07"
                    ]
                ],
                "versions": [
                    "versions.yml:md5,9912ec095965c1ff571f77b447c18f92"
                ]
            }
        ],
        "meta": {
            "nf-test": "0.9.0-rc1",
            "nextflow": "24.04.4"
        },
        "timestamp": "2024-08-23T20:49:01.880403"
    },
    "registration - convert - default": {
        "content": [
            {
                "0": [
                    [
                        {
                            "id": "test"
                        },
                        "test__init_warp.txt:md5,5f989a979be61faa578ad619377a8a07"
                    ]
                ],
                "1": [
                    [
                        {
                            "id": "test"
                        },
                        "test__deform_warp.nii.gz:md5,69052e6226da946bad1f9466285cbb89"
                    ]
                ],
                "2": [
                    "versions.yml:md5,9912ec095965c1ff571f77b447c18f92"
                ],
                "deform_transform": [
                    [
                        {
                            "id": "test"
                        },
                        "test__deform_warp.nii.gz:md5,69052e6226da946bad1f9466285cbb89"
                    ]
                ],
                "init_transform": [
                    [
                        {
                            "id": "test"
                        },
                        "test__init_warp.txt:md5,5f989a979be61faa578ad619377a8a07"
                    ]
                ],
                "versions": [
                    "versions.yml:md5,9912ec095965c1ff571f77b447c18f92"
                ]
            }
        ],
        "meta": {
            "nf-test": "0.9.0-rc1",
            "nextflow": "24.04.4"
        },
        "timestamp": "2024-08-23T20:48:57.880391"
    },
    "registration - convert - antsfs": {
        "content": [
            {
                "0": [
                    [
                        {
                            "id": "test"
                        },
                        "test__init_warp.lta:md5,80dedcc26c69940f40162b5539e59788"
                    ]
                ],
                "1": [
                    [
                        {
                            "id": "test"
                        },
                        "test__deform_warp.nii.gz:md5,599fbe3a6b85d61c0c67cea8be4972b7"
                    ]
                ],
                "2": [
                    "versions.yml:md5,9912ec095965c1ff571f77b447c18f92"
                ],
                "deform_transform": [
                    [
                        {
                            "id": "test"
                        },
                        "test__deform_warp.nii.gz:md5,599fbe3a6b85d61c0c67cea8be4972b7"
                    ]
                ],
                "init_transform": [
                    [
                        {
                            "id": "test"
                        },
                        "test__init_warp.lta:md5,80dedcc26c69940f40162b5539e59788"
                    ]
                ],
                "versions": [
                    "versions.yml:md5,9912ec095965c1ff571f77b447c18f92"
                ]
            }
        ],
        "meta": {
            "nf-test": "0.9.0-rc1",
            "nextflow": "24.04.4"
        },
        "timestamp": "2024-08-23T20:49:05.842292"
    }
}