{
    "segmentation - synthseg - options": {
        "content": [
            "test__mask_wm.nii.gz:md5:header,a0430ca63ccc3bb2b925694cb7568388,data,a7ad690eb017c4146332b0bdeb135aa8",
            "test__mask_gm.nii.gz:md5:header,a0430ca63ccc3bb2b925694cb7568388,data,370281fcda8be302cd72060e761121d2",
            "test__mask_csf.nii.gz:md5:header,a0430ca63ccc3bb2b925694cb7568388,data,3d227c46c2d58cf80284a6f48d13d792",
            [
                
            ],
            [
                [
                    {
                        "id": "test"
                    },
                    "test__vol.csv:md5,d0a69e3e2fbd7184dfcdf8bc2c35d673"
                ]
            ],
            [
                [
                    {
                        "id": "test"
                    },
                    "test__qc.csv:md5,4627c87c018fe1e5f2b0803e78aff306"
                ]
            ],
            [
                "versions.yml:md5,b65418e9ce2ab1cce590b1f659e18c1d"
            ]
        ],
        "meta": {
            "nf-test": "0.9.0-rc1",
            "nextflow": "24.04.4"
        },
        "timestamp": "2024-09-07T17:23:15.713772"
    },
    "segmentation - synthseg - basic": {
        "content": [
            "test__mask_wm.nii.gz:md5:header,a0430ca63ccc3bb2b925694cb7568388,data,10191bbea81929574adf7cf9b9122a07",
            "test__mask_gm.nii.gz:md5:header,a0430ca63ccc3bb2b925694cb7568388,data,eb6e177ec5ede4102fec41163d0c612a",
            "test__mask_csf.nii.gz:md5:header,a0430ca63ccc3bb2b925694cb7568388,data,27060f0edda8db50469061177e085d76",
            [
                "versions.yml:md5,b65418e9ce2ab1cce590b1f659e18c1d"
            ]
        ],
        "meta": {
            "nf-test": "0.9.0-rc1",
            "nextflow": "24.04.4"
        },
        "timestamp": "2024-09-07T17:22:27.400681"
    },
    "segmentation - synthseg - lesion": {
        "content": [
            "test__mask_wm.nii.gz:md5:header,a0430ca63ccc3bb2b925694cb7568388,data,6d99d71cff4a2f9d147c45b1ee36dce0",
            "test__mask_gm.nii.gz:md5:header,a0430ca63ccc3bb2b925694cb7568388,data,eb6e177ec5ede4102fec41163d0c612a",
            "test__mask_csf.nii.gz:md5:header,a0430ca63ccc3bb2b925694cb7568388,data,27060f0edda8db50469061177e085d76",
            [
                "versions.yml:md5,b65418e9ce2ab1cce590b1f659e18c1d"
            ]
        ],
        "meta": {
            "nf-test": "0.9.0-rc1",
            "nextflow": "24.04.4"
        },
        "timestamp": "2024-09-07T17:25:07.377795"
    }
}