{
    "segmentation - synthseg - options": {
        "content": [
            "test__mask_wm.nii.gz:md5,42ac2ae7eab32edb16f230211e5e55c5",
            "test__mask_gm.nii.gz:md5,7a205f13a6894200f0e1a4ea94447390",
            "test__mask_csf.nii.gz:md5,7b6125a133adbaae10e94d95782c6678",
            "test__vol.csv:md5,fe0078439655e81ab5777c73b4bd1edf",
            "test__qc.csv:md5,ede51ac9221945293200793a46c15afa",
            [
                "versions.yml:md5,b65418e9ce2ab1cce590b1f659e18c1d"
            ]
        ],
        "meta": {
            "nf-test": "0.9.0-rc1",
            "nextflow": "24.04.4"
        },
        "timestamp": "2024-08-16T19:58:49.946322"
    },
    "segmentation - synthseg - basic": {
        "content": [
            "test__mask_wm.nii.gz:md5,f35c2cd0f899d5a290083d09bac01670",
            "test__mask_gm.nii.gz:md5,ef1aef14d90f78dcae60f3f73066af53",
            "test__mask_csf.nii.gz:md5,fa08d8c09176d72b8f9b3667419c3d3e",
            [
                "versions.yml:md5,b65418e9ce2ab1cce590b1f659e18c1d"
            ]
        ],
        "meta": {
            "nf-test": "0.9.0-rc1",
            "nextflow": "24.04.4"
        },
        "timestamp": "2024-08-16T19:58:09.501194"
    }
}